// Jest Snapshot v1, https://goo.gl/fbAQLP

exports[`should render DashboardPage correctly 1`] = `
<div>
  <ContentHeadComponent />
  <div
    className="content-container"
  >
    <ul>
      Prod:
      <li>
        Webpack 4.8.1
      </li>
      <li>
        React 16.3.2 + Redux 4.0.0
      </li>
      <li>
        Normalize 8.0.0 + Sass
      </li>
      <li>
        Firebase 5.0.1
      </li>
    </ul>
    <ul>
      Dev & Test:
      <li>
        Jest 22.4.3 + Enzyme 3.3.0
      </li>
      <li>
        Eslint 4.19.1 (airbnb config 16.1.0)
      </li>
    </ul>
  </div>
</div>
`;
